============================================================
DCCS ARRAY TASK
============================================================
Date: So 19. Jul 00:38:32 CEST 2026
Host: elmo.exbio.wzw.tum.de
Working directory: /nfs/home/students/i.kaciran/FoPra_PLAs
SLURM job ID: 6333555
SLURM array task ID: 25
Dataset index: 4
Mode index: 0
Method index: 1
Dataset: gated_our_dataset_processed
Mode: all
Method: scDiffCom
Prepared RDS: /nfs/home/students/i.kaciran/FoPra_PLAs/results/differential_ccs/prepared_inputs/gated_our_dataset_processed_all.rds
Script: /nfs/home/students/i.kaciran/FoPra_PLAs/src/cell_signaling/dccs/scDiffCom.R
Output dir: /nfs/home/students/i.kaciran/FoPra_PLAs/results/differential_ccs/scDiffCom
Log dir: /nfs/home/students/i.kaciran/FoPra_PLAs/slurm_logs
============================================================
Checking R binary:
-rwxrwxr-x 1 i.kaciran daisybio 17K Jun  4 18:01 /nfs/home/students/i.kaciran/.conda/envs/liana_r/bin/Rscript
Rscript (R) version 4.3.3 (2024-02-29)
Checking R script:
-rw-rw---- 1 i.kaciran daisybio 14K Jul 19 00:02 /nfs/home/students/i.kaciran/FoPra_PLAs/src/cell_signaling/dccs/scDiffCom.R
Checking prepared RDS:
-rw-rw---- 1 i.kaciran daisybio 3,1G Jul 18 23:51 /nfs/home/students/i.kaciran/FoPra_PLAs/results/differential_ccs/prepared_inputs/gated_our_dataset_processed_all.rds
Checking output directory:
drwxrwx--- 23 i.kaciran daisybio 4096 Jul 19 00:37 /nfs/home/students/i.kaciran/FoPra_PLAs/results/differential_ccs/scDiffCom
Starting R analysis command:
/nfs/home/students/i.kaciran/.conda/envs/liana_r/bin/Rscript /nfs/home/students/i.kaciran/FoPra_PLAs/src/cell_signaling/dccs/scDiffCom.R /nfs/home/students/i.kaciran/FoPra_PLAs/results/differential_ccs/prepared_inputs/gated_our_dataset_processed_all.rds /nfs/home/students/i.kaciran/FoPra_PLAs/results/differential_ccs/scDiffCom
============================================================
[1] "RNA"

          PLA platelet-free 
         1540         36542 
               
                B cells CD4 T cells CD8 T cells   DCs NK cells Unassigned
  PLA               109         570         113     0       35          0
  platelet-free     984        4066        2125    74      549      12103
               
                Monocytes Neutrophils
  PLA                 634          79
  platelet-free      9380        7261
============================================================
R analysis exit code: 0
Finished at: So 19. Jul 00:40:10 CEST 2026
============================================================
Finished scDiffCom on gated_our_dataset_processed_all
