============================================================
DCCS ARRAY TASK
============================================================
Date: Sun Jul 19 00:22:27 CEST 2026
Host: alfred
Working directory: /nfs/home/students/i.kaciran/FoPra_PLAs
SLURM job ID: 6333538
SLURM array task ID: 19
Dataset index: 3
Mode index: 0
Method index: 1
Dataset: gated_vaccine_processed
Mode: all
Method: scDiffCom
Prepared RDS: /nfs/home/students/i.kaciran/FoPra_PLAs/results/differential_ccs/prepared_inputs/gated_vaccine_processed_all.rds
Script: /nfs/home/students/i.kaciran/FoPra_PLAs/src/cell_signaling/dccs/scDiffCom.R
Output dir: /nfs/home/students/i.kaciran/FoPra_PLAs/results/differential_ccs/scDiffCom
Log dir: /nfs/home/students/i.kaciran/FoPra_PLAs/slurm_logs
============================================================
Checking R binary:
-rwxrwxr-x 1 i.kaciran daisybio 17K Jun  4 18:01 /nfs/home/students/i.kaciran/.conda/envs/liana_r/bin/Rscript
Rscript (R) version 4.3.3 (2024-02-29)
Checking R script:
-rw-rw---- 1 i.kaciran daisybio 14K Jul 19 00:02 /nfs/home/students/i.kaciran/FoPra_PLAs/src/cell_signaling/dccs/scDiffCom.R
Checking prepared RDS:
-rw-rw---- 1 i.kaciran daisybio 14G Jul 18 23:52 /nfs/home/students/i.kaciran/FoPra_PLAs/results/differential_ccs/prepared_inputs/gated_vaccine_processed_all.rds
Checking output directory:
drwxrwx--- 20 i.kaciran daisybio 4096 Jul 19 00:20 /nfs/home/students/i.kaciran/FoPra_PLAs/results/differential_ccs/scDiffCom
Starting R analysis command:
/nfs/home/students/i.kaciran/.conda/envs/liana_r/bin/Rscript /nfs/home/students/i.kaciran/FoPra_PLAs/src/cell_signaling/dccs/scDiffCom.R /nfs/home/students/i.kaciran/FoPra_PLAs/results/differential_ccs/prepared_inputs/gated_vaccine_processed_all.rds /nfs/home/students/i.kaciran/FoPra_PLAs/results/differential_ccs/scDiffCom
============================================================
[1] "RNA"

          PLA platelet-free 
        39609         98394 
               
                B cells CD4 T cells CD8 T cells   DCs Monocytes Neutrophils
  PLA               101         159         164  3291     34550         147
  platelet-free   10103       38985       21608  2259       465          79
               
                NK cells Unassigned
  PLA               1197          0
  platelet-free    16769       8126
============================================================
R analysis exit code: 0
Finished at: Sun Jul 19 00:31:35 CEST 2026
============================================================
Finished scDiffCom on gated_vaccine_processed_all
