============================================================
DCCS ARRAY TASK
============================================================
Date: Sa 4. Jul 16:23:59 CEST 2026
Host: ernie.exbio.wzw.tum.de
Working directory: /nfs/home/students/i.kaciran/FoPra_PLAs
SLURM job ID: 6261335
SLURM array task ID: 0
Dataset index: 0
Mode index: 0
Method index: 0
Dataset: gated_heart_processed
Mode: withHealthy
Method: liana_plus
Prepared RDS: /nfs/home/students/i.kaciran/FoPra_PLAs/results/differential_ccs/prepared_inputs/gated_heart_processed_withHealthy.rds
Script: /nfs/home/students/i.kaciran/FoPra_PLAs/src/cell_signaling/dccs/liana_plus.R
Output dir: /nfs/home/students/i.kaciran/FoPra_PLAs/results/differential_ccs/liana_plus
Log dir: /nfs/home/students/i.kaciran/FoPra_PLAs/slurm_logs
============================================================
Checking R binary:
-rwxrwxr-x 1 i.kaciran daisybio 17K Jun  4 18:01 /nfs/home/students/i.kaciran/.conda/envs/liana_r/bin/Rscript
Rscript (R) version 4.3.3 (2024-02-29)
Checking R script:
-rw-rw---- 1 i.kaciran daisybio 21K Jul  4 15:53 /nfs/home/students/i.kaciran/FoPra_PLAs/src/cell_signaling/dccs/liana_plus.R
Checking prepared RDS:
-rw-rw---- 1 i.kaciran daisybio 1,2G Jul  4 01:22 /nfs/home/students/i.kaciran/FoPra_PLAs/results/differential_ccs/prepared_inputs/gated_heart_processed_withHealthy.rds
Checking output directory:
drwxrwx--- 12 i.kaciran daisybio 4096 Jul  4 10:46 /nfs/home/students/i.kaciran/FoPra_PLAs/results/differential_ccs/liana_plus
Starting R analysis command:
/nfs/home/students/i.kaciran/.conda/envs/liana_r/bin/Rscript /nfs/home/students/i.kaciran/FoPra_PLAs/src/cell_signaling/dccs/liana_plus.R /nfs/home/students/i.kaciran/FoPra_PLAs/results/differential_ccs/prepared_inputs/gated_heart_processed_withHealthy.rds /nfs/home/students/i.kaciran/FoPra_PLAs/results/differential_ccs/liana_plus
============================================================
[1] "RNA"

          PLA platelet-free 
          220         11521 
               
                B cells  DCs NK cells Unassigned CD4 T cells Macrophages
  PLA                 0    0        0          0           2         174
  platelet-free     166 1737      660       3847          58        2617
               
                Neutrophils CD8 T cells
  PLA                    44           0
  platelet-free        2421          13
             
              platelet-free PLA
  B cells                18   0
  CD4 T cells             9   2
  CD8 T cells             3   0
  DCs                    22   0
  Macrophages            21   3
  NA                      1   0
  Neutrophils            22   2
  NK cells               22   0
  Unassigned             22   0
4: (function () 
   {
       message("R error occurred. Traceback:")
       traceback(2)
       quit(save = "no", status = 1)
   })()
3: h(simpleError(msg, call))
2: .handleSimpleError(function (cond) 
   .Internal(C_tryCatchHelper(addr, 1L, cond)), "object 'counts_lin' not found", 
       base::quote(NULL))
1: rowSums(counts_lin)
============================================================
R analysis exit code: 1
Finished at: Sa 4. Jul 16:24:34 CEST 2026
============================================================
ERROR: R analysis failed for liana_plus on gated_heart_processed_withHealthy
