============================================================
DCCS ARRAY TASK
============================================================
Date: Sa 4. Jul 15:41:58 CEST 2026
Host: bert.exbio.wzw.tum.de
Working directory: /nfs/home/students/i.kaciran/FoPra_PLAs
SLURM job ID: 6261186
SLURM array task ID: 0
Dataset index: 0
Mode index: 0
Method index: 0
Dataset: gated_heart_processed
Mode: withHealthy
Method: liana_plus
Prepared RDS: /nfs/home/students/i.kaciran/FoPra_PLAs/results/differential_ccs/prepared_inputs/gated_heart_processed_withHealthy.rds
Script: /nfs/home/students/i.kaciran/FoPra_PLAs/src/cell_signaling/dccs/liana_plus.R
Output dir: /nfs/home/students/i.kaciran/FoPra_PLAs/results/differential_ccs/liana_plus
Log dir: /nfs/home/students/i.kaciran/FoPra_PLAs/slurm_logs
============================================================
Checking R binary:
-rwxrwxr-x 1 i.kaciran daisybio 17K Jun  4 18:01 /nfs/home/students/i.kaciran/.conda/envs/liana_r/bin/Rscript
Rscript (R) version 4.3.3 (2024-02-29)
Checking R script:
-rw-rw---- 1 i.kaciran daisybio 21K Jul  4 15:39 /nfs/home/students/i.kaciran/FoPra_PLAs/src/cell_signaling/dccs/liana_plus.R
Checking prepared RDS:
-rw-rw---- 1 i.kaciran daisybio 1,2G Jul  4 01:22 /nfs/home/students/i.kaciran/FoPra_PLAs/results/differential_ccs/prepared_inputs/gated_heart_processed_withHealthy.rds
Checking output directory:
drwxrwx--- 12 i.kaciran daisybio 4096 Jul  4 10:46 /nfs/home/students/i.kaciran/FoPra_PLAs/results/differential_ccs/liana_plus
Testing base R package loading:
R version 4.3.3 (2024-02-29)
Platform: x86_64-conda-linux-gnu (64-bit)
Running under: Ubuntu 22.04.1 LTS

Matrix products: default
BLAS/LAPACK: /nfs/home/students/i.kaciran/.conda/envs/liana_r/lib/libopenblasp-r0.3.33.so;  LAPACK version 3.12.0

locale:
 [1] LC_CTYPE=en_US.UTF-8       LC_NUMERIC=C              
 [3] LC_TIME=de_DE.UTF-8        LC_COLLATE=en_US.UTF-8    
 [5] LC_MONETARY=de_DE.UTF-8    LC_MESSAGES=en_US.UTF-8   
 [7] LC_PAPER=de_DE.UTF-8       LC_NAME=C                 
 [9] LC_ADDRESS=C               LC_TELEPHONE=C            
[11] LC_MEASUREMENT=de_DE.UTF-8 LC_IDENTIFICATION=C       

time zone: Europe/Berlin
tzcode source: system (glibc)

attached base packages:
[1] stats     graphics  grDevices utils     datasets  methods   base     

other attached packages:
[1] Seurat_5.3.0       SeuratObject_5.2.0 sp_2.2-0          

loaded via a namespace (and not attached):
  [1] deldir_2.0-4           pbapply_1.7-4          gridExtra_2.3         
  [4] rlang_1.2.0            magrittr_2.0.5         RcppAnnoy_0.0.22      
  [7] otel_0.2.0             matrixStats_1.5.0      ggridges_0.5.7        
 [10] compiler_4.3.3         spatstat.geom_3.5-0    png_0.1-8             
 [13] vctrs_0.7.3            reshape2_1.4.4         stringr_1.6.0         
 [16] pkgconfig_2.0.3        fastmap_1.2.0          promises_1.5.0        
 [19] purrr_1.2.2            jsonlite_2.0.0         goftest_1.2-3         
 [22] later_1.4.4            spatstat.utils_3.1-5   irlba_2.3.5.1         
 [25] parallel_4.3.3         cluster_2.1.8.2        R6_2.6.1              
 [28] ica_1.0-3              stringi_1.8.7          RColorBrewer_1.1-3    
 [31] spatstat.data_3.1-9    reticulate_1.43.0      parallelly_1.47.0     
 [34] spatstat.univar_3.1-4  lmtest_0.9-40          scattermore_1.2       
 [37] Rcpp_1.1.1-1.1         tensor_1.5.1           future.apply_1.20.2   
 [40] zoo_1.8-14             sctransform_0.4.2      httpuv_1.6.16         
 [43] Matrix_1.6-5           splines_4.3.3          igraph_2.1.4          
 [46] tidyselect_1.2.1       abind_1.4-8            codetools_0.2-20      
 [49] spatstat.random_3.4-1  miniUI_0.1.2           spatstat.explore_3.5-2
 [52] listenv_0.10.1         lattice_0.22-7         tibble_3.3.1          
 [55] plyr_1.8.9             shiny_1.13.0           S7_0.2.2              
 [58] ROCR_1.0-12            Rtsne_0.17             future_1.70.0         
 [61] fastDummies_1.7.6      survival_3.8-3         polyclip_1.10-7       
 [64] fitdistrplus_1.2-6     pillar_1.11.1          KernSmooth_2.23-26    
 [67] plotly_4.12.0          generics_0.1.4         RcppHNSW_0.6.0        
 [70] ggplot2_4.0.3          scales_1.4.0           globals_0.19.1        
 [73] xtable_1.8-8           glue_1.8.1             lazyeval_0.2.2        
 [76] tools_4.3.3            data.table_1.17.8      RSpectra_0.16-2       
 [79] RANN_2.6.2             dotCall64_1.2          cowplot_1.2.0         
 [82] grid_4.3.3             tidyr_1.3.2            colorspace_2.1-2      
 [85] nlme_3.1-168           patchwork_1.3.2        cli_3.6.6             
 [88] spatstat.sparse_3.1-0  spam_2.11-1            viridisLite_0.4.3     
 [91] dplyr_1.2.1            uwot_0.2.3             gtable_0.3.6          
 [94] digest_0.6.39          progressr_0.19.0       ggrepel_0.9.6         
 [97] htmlwidgets_1.6.4      farver_2.1.2           htmltools_0.5.9       
[100] lifecycle_1.0.5        httr_1.4.8             mime_0.13             
[103] MASS_7.3-60.0.1       
Testing method-specific package loading:
R version 4.3.3 (2024-02-29)
Platform: x86_64-conda-linux-gnu (64-bit)
Running under: Ubuntu 22.04.1 LTS

Matrix products: default
BLAS/LAPACK: /nfs/home/students/i.kaciran/.conda/envs/liana_r/lib/libopenblasp-r0.3.33.so;  LAPACK version 3.12.0

locale:
 [1] LC_CTYPE=en_US.UTF-8       LC_NUMERIC=C              
 [3] LC_TIME=de_DE.UTF-8        LC_COLLATE=en_US.UTF-8    
 [5] LC_MONETARY=de_DE.UTF-8    LC_MESSAGES=en_US.UTF-8   
 [7] LC_PAPER=de_DE.UTF-8       LC_NAME=C                 
 [9] LC_ADDRESS=C               LC_TELEPHONE=C            
[11] LC_MEASUREMENT=de_DE.UTF-8 LC_IDENTIFICATION=C       

time zone: Europe/Berlin
tzcode source: system (glibc)

attached base packages:
[1] stats4    stats     graphics  grDevices utils     datasets  methods  
[8] base     

other attached packages:
 [1] DESeq2_1.42.0               SummarizedExperiment_1.32.0
 [3] Biobase_2.62.0              MatrixGenerics_1.14.0      
 [5] matrixStats_1.5.0           GenomicRanges_1.54.1       
 [7] GenomeInfoDb_1.38.1         IRanges_2.36.0             
 [9] S4Vectors_0.40.2            BiocGenerics_0.48.1        
[11] liana_0.1.14                Seurat_5.3.0               
[13] SeuratObject_5.2.0          sp_2.2-0                   

loaded via a namespace (and not attached):
  [1] fs_2.1.0                    spatstat.sparse_3.1-0      
  [3] bitops_1.0-9                lubridate_1.9.3            
  [5] httr_1.4.8                  RColorBrewer_1.1-3         
  [7] doParallel_1.0.17           tools_4.3.3                
  [9] sctransform_0.4.2           backports_1.5.1            
 [11] R6_2.6.1                    lazyeval_0.2.2             
 [13] uwot_0.2.3                  GetoptLong_1.1.1           
 [15] withr_3.0.3                 prettyunits_1.2.0          
 [17] gridExtra_2.3               progressr_0.19.0           
 [19] cli_3.6.6                   spatstat.explore_3.5-2     
 [21] fastDummies_1.7.6           S7_0.2.2                   
 [23] spatstat.data_3.1-9         readr_2.1.4                
 [25] ggridges_0.5.7              pbapply_1.7-4              
 [27] R.utils_2.13.0              parallelly_1.47.0          
 [29] sessioninfo_1.2.4           limma_3.58.1               
 [31] readxl_1.4.3                RSQLite_2.4.3              
 [33] generics_0.1.4              shape_1.4.6.1              
 [35] ica_1.0-3                   spatstat.random_3.4-1      
 [37] dplyr_1.2.1                 zip_2.3.3                  
 [39] Matrix_1.6-5                logger_0.4.0               
 [41] abind_1.4-8                 R.methodsS3_1.8.2          
 [43] lifecycle_1.0.5             edgeR_4.0.16               
 [45] yaml_2.3.12                 SparseArray_1.2.2          
 [47] Rtsne_0.17                  grid_4.3.3                 
 [49] blob_1.3.0                  dqrng_0.3.2                
 [51] promises_1.5.0              crayon_1.5.3               
 [53] dir.expiry_1.10.0           miniUI_0.1.2               
 [55] lattice_0.22-7              beachmat_2.18.0            
 [57] cowplot_1.2.0               metapod_1.10.0             
 [59] pillar_1.11.1               knitr_1.51                 
 [61] ComplexHeatmap_2.18.0       tcltk_4.3.3                
 [63] rjson_0.2.23                future.apply_1.20.2        
 [65] codetools_0.2-20            glue_1.8.1                 
 [67] spatstat.univar_3.1-4       data.table_1.17.8          
 [69] vctrs_0.7.3                 png_0.1-8                  
 [71] spam_2.11-1                 cellranger_1.1.0           
 [73] gtable_0.3.6                cachem_1.1.0               
 [75] OmnipathR_4.1.0             xfun_0.58                  
 [77] S4Arrays_1.2.0              mime_0.13                  
 [79] survival_3.8-3              SingleCellExperiment_1.24.0
 [81] iterators_1.0.14            statmod_1.5.0              
 [83] bluster_1.12.0              fitdistrplus_1.2-6         
 [85] ROCR_1.0-12                 nlme_3.1-168               
 [87] bit64_4.8.2                 progress_1.2.3             
 [89] filelock_1.0.3              RcppAnnoy_0.0.22           
 [91] irlba_2.3.5.1               KernSmooth_2.23-26         
 [93] otel_0.2.0                  colorspace_2.1-2           
 [95] DBI_1.3.0                   tidyselect_1.2.1           
 [97] bit_4.6.0                   compiler_4.3.3             
 [99] curl_7.1.0                  rvest_1.0.5                
[101] httr2_1.2.1                 BiocNeighbors_1.20.0       
[103] basilisk.utils_1.14.1       xml2_1.4.0                 
[105] DelayedArray_0.28.0         plotly_4.12.0              
[107] checkmate_2.3.3             scales_1.4.0               
[109] lmtest_0.9-40               rappdirs_0.3.4             
[111] stringr_1.6.0               digest_0.6.39              
[113] goftest_1.2-3               spatstat.utils_3.1-5       
[115] rmarkdown_2.31              basilisk_1.14.1            
[117] XVector_0.42.0              htmltools_0.5.9            
[119] pkgconfig_2.0.3             sparseMatrixStats_1.14.0   
[121] fastmap_1.2.0               rlang_1.2.0                
[123] GlobalOptions_0.1.4         htmlwidgets_1.6.4          
[125] shiny_1.13.0                DelayedMatrixStats_1.24.0  
[127] farver_2.1.2                zoo_1.8-14                 
[129] jsonlite_2.0.0              BiocParallel_1.36.0        
[131] R.oo_1.27.1                 BiocSingular_1.18.0        
[133] RCurl_1.98-1.17             magrittr_2.0.5             
[135] scuttle_1.12.0              GenomeInfoDbData_1.2.11    
[137] dotCall64_1.2               patchwork_1.3.2            
[139] Rcpp_1.1.1-1.1              reticulate_1.43.0          
[141] stringi_1.8.7               zlibbioc_1.48.0            
[143] MASS_7.3-60.0.1             plyr_1.8.9                 
[145] parallel_4.3.3              listenv_0.10.1             
[147] ggrepel_0.9.6               deldir_2.0-4               
[149] splines_4.3.3               tensor_1.5.1               
[151] hms_1.1.4                   circlize_0.4.18            
[153] locfit_1.5-9.12             igraph_2.1.4               
[155] spatstat.geom_3.5-0         RcppHNSW_0.6.0             
[157] reshape2_1.4.4              ScaledMatrix_1.10.0        
[159] XML_3.99-0.17               evaluate_1.0.5             
[161] scran_1.30.0                tzdb_0.5.0                 
[163] foreach_1.5.2               httpuv_1.6.16              
[165] RANN_2.6.2                  tidyr_1.3.2                
[167] purrr_1.2.2                 polyclip_1.10-7            
[169] future_1.70.0               clue_0.3-66                
[171] scattermore_1.2             ggplot2_4.0.3              
[173] rsvd_1.0.5                  xtable_1.8-8               
[175] RSpectra_0.16-2             later_1.4.4                
[177] viridisLite_0.4.3           tibble_3.3.1               
[179] memoise_2.0.1               cluster_2.1.8.2            
[181] timechange_0.3.0            globals_0.19.1             
Starting R analysis command:
/nfs/home/students/i.kaciran/.conda/envs/liana_r/bin/Rscript /nfs/home/students/i.kaciran/FoPra_PLAs/src/cell_signaling/dccs/liana_plus.R /nfs/home/students/i.kaciran/FoPra_PLAs/results/differential_ccs/prepared_inputs/gated_heart_processed_withHealthy.rds /nfs/home/students/i.kaciran/FoPra_PLAs/results/differential_ccs/liana_plus
============================================================
[1] "RNA"

          PLA platelet-free 
          220         11521 
               
                B cells  DCs NK cells Unassigned CD4 T cells Macrophages
  PLA                 0    0        0          0           2         174
  platelet-free     166 1737      660       3847          58        2617
               
                Neutrophils CD8 T cells
  PLA                    44           0
  platelet-free        2421          13
             
              platelet-free PLA
  B cells                18   0
  CD4 T cells             9   2
  CD8 T cells             3   0
  DCs                    22   0
  Macrophages            21   3
  NA                      1   0
  Neutrophils            22   2
  NK cells               22   0
  Unassigned             22   0
4: (function () 
   {
       message("R error occurred. Traceback:")
       traceback(2)
       quit(save = "no", status = 1)
   })()
3: h(simpleError(msg, call))
2: .handleSimpleError(function (cond) 
   .Internal(C_tryCatchHelper(addr, 1L, cond)), "object 'counts_lin' not found", 
       base::quote(NULL))
1: nrow(counts_lin)
============================================================
R analysis exit code: 1
Finished at: Sa 4. Jul 15:43:08 CEST 2026
============================================================
ERROR: R analysis failed for liana_plus on gated_heart_processed_withHealthy
