============================================================
DCCS ARRAY TASK
============================================================
Date: So 19. Jul 00:07:08 CEST 2026
Host: elmo.exbio.wzw.tum.de
Working directory: /nfs/home/students/i.kaciran/FoPra_PLAs
SLURM job ID: 6333516
SLURM array task ID: 1
Dataset index: 0
Mode index: 0
Method index: 1
Dataset: gated_heart_processed
Mode: all
Method: scDiffCom
Prepared RDS: /nfs/home/students/i.kaciran/FoPra_PLAs/results/differential_ccs/prepared_inputs/gated_heart_processed_all.rds
Script: /nfs/home/students/i.kaciran/FoPra_PLAs/src/cell_signaling/dccs/scDiffCom.R
Output dir: /nfs/home/students/i.kaciran/FoPra_PLAs/results/differential_ccs/scDiffCom
Log dir: /nfs/home/students/i.kaciran/FoPra_PLAs/slurm_logs
============================================================
Checking R binary:
-rwxrwxr-x 1 i.kaciran daisybio 17K Jun  4 18:01 /nfs/home/students/i.kaciran/.conda/envs/liana_r/bin/Rscript
Rscript (R) version 4.3.3 (2024-02-29)
Checking R script:
-rw-rw---- 1 i.kaciran daisybio 14K Jul 19 00:02 /nfs/home/students/i.kaciran/FoPra_PLAs/src/cell_signaling/dccs/scDiffCom.R
Checking prepared RDS:
-rw-rw---- 1 i.kaciran daisybio 1,2G Jul 18 23:50 /nfs/home/students/i.kaciran/FoPra_PLAs/results/differential_ccs/prepared_inputs/gated_heart_processed_all.rds
Checking output directory:
drwxrwx--- 12 i.kaciran daisybio 4096 Jul  4 03:10 /nfs/home/students/i.kaciran/FoPra_PLAs/results/differential_ccs/scDiffCom
Starting R analysis command:
/nfs/home/students/i.kaciran/.conda/envs/liana_r/bin/Rscript /nfs/home/students/i.kaciran/FoPra_PLAs/src/cell_signaling/dccs/scDiffCom.R /nfs/home/students/i.kaciran/FoPra_PLAs/results/differential_ccs/prepared_inputs/gated_heart_processed_all.rds /nfs/home/students/i.kaciran/FoPra_PLAs/results/differential_ccs/scDiffCom
============================================================
[1] "RNA"

          PLA platelet-free 
          220         11519 
               
                B cells  DCs NK cells Unassigned CD4 T cells Macrophages
  PLA                 0    0        0          0           2         174
  platelet-free     166 1737      660       3847          58        2617
               
                Neutrophils CD8 T cells
  PLA                    44           0
  platelet-free        2421          13
============================================================
R analysis exit code: 0
Finished at: So 19. Jul 00:08:23 CEST 2026
============================================================
Finished scDiffCom on gated_heart_processed_all
