============================================================
DCCS ARRAY TASK
============================================================
Date: Sun Jul 19 00:08:50 CEST 2026
Host: alfred
Working directory: /nfs/home/students/i.kaciran/FoPra_PLAs
SLURM job ID: 6333520
SLURM array task ID: 5
Dataset index: 0
Mode index: 2
Method index: 1
Dataset: gated_heart_processed
Mode: healthyOnly
Method: scDiffCom
Prepared RDS: /nfs/home/students/i.kaciran/FoPra_PLAs/results/differential_ccs/prepared_inputs/gated_heart_processed_healthyOnly.rds
Script: /nfs/home/students/i.kaciran/FoPra_PLAs/src/cell_signaling/dccs/scDiffCom.R
Output dir: /nfs/home/students/i.kaciran/FoPra_PLAs/results/differential_ccs/scDiffCom
Log dir: /nfs/home/students/i.kaciran/FoPra_PLAs/slurm_logs
============================================================
Checking R binary:
-rwxrwxr-x 1 i.kaciran daisybio 17K Jun  4 18:01 /nfs/home/students/i.kaciran/.conda/envs/liana_r/bin/Rscript
Rscript (R) version 4.3.3 (2024-02-29)
Checking R script:
-rw-rw---- 1 i.kaciran daisybio 14K Jul 19 00:02 /nfs/home/students/i.kaciran/FoPra_PLAs/src/cell_signaling/dccs/scDiffCom.R
Checking prepared RDS:
-rw-rw---- 1 i.kaciran daisybio 189M Jul 18 23:50 /nfs/home/students/i.kaciran/FoPra_PLAs/results/differential_ccs/prepared_inputs/gated_heart_processed_healthyOnly.rds
Checking output directory:
drwxrwx--- 14 i.kaciran daisybio 4096 Jul 19 00:07 /nfs/home/students/i.kaciran/FoPra_PLAs/results/differential_ccs/scDiffCom
Starting R analysis command:
/nfs/home/students/i.kaciran/.conda/envs/liana_r/bin/Rscript /nfs/home/students/i.kaciran/FoPra_PLAs/src/cell_signaling/dccs/scDiffCom.R /nfs/home/students/i.kaciran/FoPra_PLAs/results/differential_ccs/prepared_inputs/gated_heart_processed_healthyOnly.rds /nfs/home/students/i.kaciran/FoPra_PLAs/results/differential_ccs/scDiffCom
============================================================
[1] "RNA"

          PLA platelet-free 
            1          1927 
               
                B cells DCs NK cells Unassigned CD4 T cells Macrophages
  PLA                 0   0        0          0           0           1
  platelet-free      23  96      185        550          22         480
               
                Neutrophils
  PLA                     0
  platelet-free         571
7: (function () 
   {
       message("R error occurred. Traceback:")
       traceback(2)
       quit(save = "no", status = 1)
   })()
6: stop(paste0("Inputs must contain at least 2 cell-types with at least ", 
       threshold_min_cells, " cells (in each condition)."))
5: filter_celltypes(metadata = temp_md, threshold_min_cells = threshold_min_cells)
4: extract_seurat_inputs(seurat_object = seurat_object, celltype_column_id = celltype_column_id, 
       sample_column_id = sample_column_id, condition_column_id = condition_column_id, 
       assay = assay, layer = layer, log_scale = log_scale, threshold_min_cells = threshold_min_cells, 
       verbose = verbose)
3: extract_analysis_inputs(seurat_object = seurat_object, celltype_column_id = params$seurat_celltype_id, 
       sample_column_id = NULL, condition_column_id = params$seurat_condition_id$column_name, 
       cond1_name = params$seurat_condition_id$cond1_name, cond2_name = params$seurat_condition_id$cond2_name, 
       assay = params$seurat_assay, layer = params$seurat_layer, 
       log_scale = params$log_scale, threshold_min_cells = as.integer(params$threshold_min_cells), 
       LRI_table = LRI_table, LRI_species = LRI_species, verbose = params$verbose)
2: run_internal_raw_analysis(seurat_object = seurat_object, LRI_table = LRI_table, 
       LRI_species = LRI_species, params = analysis_parameters)
1: run_interaction_analysis(seurat_object = seurat_obj, LRI_species = "human", 
       seurat_celltype_id = "lineage", seurat_condition_id = list(column_name = "pla_status", 
           cond1_name = "platelet-free", cond2_name = "PLA"))
============================================================
R analysis exit code: 1
Finished at: Sun Jul 19 00:09:04 CEST 2026
============================================================
ERROR: R analysis failed for scDiffCom on gated_heart_processed_healthyOnly
