============================================================
DCCS ARRAY TASK
============================================================
Date: So 19. Jul 00:40:10 CEST 2026
Host: elmo.exbio.wzw.tum.de
Working directory: /nfs/home/students/i.kaciran/FoPra_PLAs
SLURM job ID: 6333558
SLURM array task ID: 27
Dataset index: 4
Mode index: 1
Method index: 1
Dataset: gated_our_dataset_processed
Mode: diseasedOnly
Method: scDiffCom
Prepared RDS: /nfs/home/students/i.kaciran/FoPra_PLAs/results/differential_ccs/prepared_inputs/gated_our_dataset_processed_diseasedOnly.rds
Script: /nfs/home/students/i.kaciran/FoPra_PLAs/src/cell_signaling/dccs/scDiffCom.R
Output dir: /nfs/home/students/i.kaciran/FoPra_PLAs/results/differential_ccs/scDiffCom
Log dir: /nfs/home/students/i.kaciran/FoPra_PLAs/slurm_logs
============================================================
Checking R binary:
-rwxrwxr-x 1 i.kaciran daisybio 17K Jun  4 18:01 /nfs/home/students/i.kaciran/.conda/envs/liana_r/bin/Rscript
Rscript (R) version 4.3.3 (2024-02-29)
Checking R script:
-rw-rw---- 1 i.kaciran daisybio 14K Jul 19 00:02 /nfs/home/students/i.kaciran/FoPra_PLAs/src/cell_signaling/dccs/scDiffCom.R
Checking prepared RDS:
-rw-rw---- 1 i.kaciran daisybio 2,0G Jul 18 23:51 /nfs/home/students/i.kaciran/FoPra_PLAs/results/differential_ccs/prepared_inputs/gated_our_dataset_processed_diseasedOnly.rds
Checking output directory:
drwxrwx--- 24 i.kaciran daisybio 4096 Jul 19 00:38 /nfs/home/students/i.kaciran/FoPra_PLAs/results/differential_ccs/scDiffCom
Starting R analysis command:
/nfs/home/students/i.kaciran/.conda/envs/liana_r/bin/Rscript /nfs/home/students/i.kaciran/FoPra_PLAs/src/cell_signaling/dccs/scDiffCom.R /nfs/home/students/i.kaciran/FoPra_PLAs/results/differential_ccs/prepared_inputs/gated_our_dataset_processed_diseasedOnly.rds /nfs/home/students/i.kaciran/FoPra_PLAs/results/differential_ccs/scDiffCom
============================================================
[1] "RNA"

          PLA platelet-free 
         1269         25761 
               
                B cells CD4 T cells CD8 T cells  DCs NK cells Unassigned
  PLA               102         513          85    0       28          0
  platelet-free     816        3267        1664   31      346       6722
               
                Monocytes Neutrophils
  PLA                 471          70
  platelet-free      8735        4180
============================================================
R analysis exit code: 0
Finished at: So 19. Jul 00:41:43 CEST 2026
============================================================
Finished scDiffCom on gated_our_dataset_processed_diseasedOnly
