============================================================
DCCS ARRAY TASK
============================================================
Date: So 19. Jul 00:37:38 CEST 2026
Host: ernie.exbio.wzw.tum.de
Working directory: /nfs/home/students/i.kaciran/FoPra_PLAs
SLURM job ID: 6333551
SLURM array task ID: 23
Dataset index: 3
Mode index: 2
Method index: 1
Dataset: gated_vaccine_processed
Mode: healthyOnly
Method: scDiffCom
Prepared RDS: /nfs/home/students/i.kaciran/FoPra_PLAs/results/differential_ccs/prepared_inputs/gated_vaccine_processed_healthyOnly.rds
Script: /nfs/home/students/i.kaciran/FoPra_PLAs/src/cell_signaling/dccs/scDiffCom.R
Output dir: /nfs/home/students/i.kaciran/FoPra_PLAs/results/differential_ccs/scDiffCom
Log dir: /nfs/home/students/i.kaciran/FoPra_PLAs/slurm_logs
============================================================
Checking R binary:
-rwxrwxr-x 1 i.kaciran daisybio 17K Jun  4 18:01 /nfs/home/students/i.kaciran/.conda/envs/liana_r/bin/Rscript
Rscript (R) version 4.3.3 (2024-02-29)
Checking R script:
-rw-rw---- 1 i.kaciran daisybio 14K Jul 19 00:02 /nfs/home/students/i.kaciran/FoPra_PLAs/src/cell_signaling/dccs/scDiffCom.R
Checking prepared RDS:
-rw-rw---- 1 i.kaciran daisybio 4,2G Jul 18 23:51 /nfs/home/students/i.kaciran/FoPra_PLAs/results/differential_ccs/prepared_inputs/gated_vaccine_processed_healthyOnly.rds
Checking output directory:
drwxrwx--- 22 i.kaciran daisybio 4096 Jul 19 00:33 /nfs/home/students/i.kaciran/FoPra_PLAs/results/differential_ccs/scDiffCom
Starting R analysis command:
/nfs/home/students/i.kaciran/.conda/envs/liana_r/bin/Rscript /nfs/home/students/i.kaciran/FoPra_PLAs/src/cell_signaling/dccs/scDiffCom.R /nfs/home/students/i.kaciran/FoPra_PLAs/results/differential_ccs/prepared_inputs/gated_vaccine_processed_healthyOnly.rds /nfs/home/students/i.kaciran/FoPra_PLAs/results/differential_ccs/scDiffCom
============================================================
[1] "RNA"

          PLA platelet-free 
        13965         29309 
               
                B cells CD4 T cells CD8 T cells   DCs Monocytes Neutrophils
  PLA                32          64          59  1225     12065          70
  platelet-free    2890       11647        6558   703       110          26
               
                NK cells Unassigned
  PLA                450          0
  platelet-free     4909       2466
============================================================
R analysis exit code: 0
Finished at: So 19. Jul 00:40:24 CEST 2026
============================================================
Finished scDiffCom on gated_vaccine_processed_healthyOnly
