============================================================
DCCS ARRAY TASK
============================================================
Date: So 19. Jul 00:20:04 CEST 2026
Host: ernie.exbio.wzw.tum.de
Working directory: /nfs/home/students/i.kaciran/FoPra_PLAs
SLURM job ID: 6333534
SLURM array task ID: 17
Dataset index: 2
Mode index: 2
Method index: 1
Dataset: gated_sepsis_processed
Mode: healthyOnly
Method: scDiffCom
Prepared RDS: /nfs/home/students/i.kaciran/FoPra_PLAs/results/differential_ccs/prepared_inputs/gated_sepsis_processed_healthyOnly.rds
Script: /nfs/home/students/i.kaciran/FoPra_PLAs/src/cell_signaling/dccs/scDiffCom.R
Output dir: /nfs/home/students/i.kaciran/FoPra_PLAs/results/differential_ccs/scDiffCom
Log dir: /nfs/home/students/i.kaciran/FoPra_PLAs/slurm_logs
============================================================
Checking R binary:
-rwxrwxr-x 1 i.kaciran daisybio 17K Jun  4 18:01 /nfs/home/students/i.kaciran/.conda/envs/liana_r/bin/Rscript
Rscript (R) version 4.3.3 (2024-02-29)
Checking R script:
-rw-rw---- 1 i.kaciran daisybio 14K Jul 19 00:02 /nfs/home/students/i.kaciran/FoPra_PLAs/src/cell_signaling/dccs/scDiffCom.R
Checking prepared RDS:
-rw-rw---- 1 i.kaciran daisybio 2,1G Jul 18 23:52 /nfs/home/students/i.kaciran/FoPra_PLAs/results/differential_ccs/prepared_inputs/gated_sepsis_processed_healthyOnly.rds
Checking output directory:
drwxrwx--- 19 i.kaciran daisybio 4096 Jul 19 00:13 /nfs/home/students/i.kaciran/FoPra_PLAs/results/differential_ccs/scDiffCom
Starting R analysis command:
/nfs/home/students/i.kaciran/.conda/envs/liana_r/bin/Rscript /nfs/home/students/i.kaciran/FoPra_PLAs/src/cell_signaling/dccs/scDiffCom.R /nfs/home/students/i.kaciran/FoPra_PLAs/results/differential_ccs/prepared_inputs/gated_sepsis_processed_healthyOnly.rds /nfs/home/students/i.kaciran/FoPra_PLAs/results/differential_ccs/scDiffCom
============================================================
[1] "RNA"

          PLA platelet-free 
         4527         18767 
               
                 DCs NK cells Unassigned neutrophils CD8 T cells B cells
  PLA            349      414          0           0        1408      50
  platelet-free  283     3034       4181          86        2842    2181
               
                CD4 T cells Monocytes
  PLA                   751      1555
  platelet-free        6095        65
============================================================
R analysis exit code: 0
Finished at: So 19. Jul 00:21:44 CEST 2026
============================================================
Finished scDiffCom on gated_sepsis_processed_healthyOnly
