============================================================
DCCS ARRAY TASK
============================================================
Date: Sa 4. Jul 11:46:12 CEST 2026
Host: grover.exbio.wzw.tum.de
Working directory: /nfs/home/students/i.kaciran/FoPra_PLAs
SLURM job ID: 6261078
SLURM array task ID: 1
Dataset index: 0
Mode index: 0
Method index: 1
Dataset: gated_heart_processed
Mode: withHealthy
Method: multinichetr
Prepared RDS: /nfs/home/students/i.kaciran/FoPra_PLAs/results/differential_ccs/prepared_inputs/gated_heart_processed_withHealthy.rds
Script: /nfs/home/students/i.kaciran/FoPra_PLAs/src/cell_signaling/dccs/multinichetr.R
Output dir: /nfs/home/students/i.kaciran/FoPra_PLAs/results/differential_ccs/multinichetr
Log dir: /nfs/home/students/i.kaciran/FoPra_PLAs/slurm_logs
============================================================
Checking R binary:
-rwxrwxr-x 1 i.kaciran daisybio 17K Jun  4 18:01 /nfs/home/students/i.kaciran/.conda/envs/liana_r/bin/Rscript
Rscript (R) version 4.3.3 (2024-02-29)
Checking R script:
-rw-rw---- 1 i.kaciran daisybio 27K Jul  4 11:38 /nfs/home/students/i.kaciran/FoPra_PLAs/src/cell_signaling/dccs/multinichetr.R
Checking prepared RDS:
-rw-rw---- 1 i.kaciran daisybio 1,2G Jul  4 01:22 /nfs/home/students/i.kaciran/FoPra_PLAs/results/differential_ccs/prepared_inputs/gated_heart_processed_withHealthy.rds
Checking output directory:
drwxrwx--- 12 i.kaciran daisybio 4096 Jul  4 03:06 /nfs/home/students/i.kaciran/FoPra_PLAs/results/differential_ccs/multinichetr
Testing base R package loading:
R version 4.3.3 (2024-02-29)
Platform: x86_64-conda-linux-gnu (64-bit)
Running under: Ubuntu 22.04.1 LTS

Matrix products: default
BLAS/LAPACK: /nfs/home/students/i.kaciran/.conda/envs/liana_r/lib/libopenblasp-r0.3.33.so;  LAPACK version 3.12.0

locale:
 [1] LC_CTYPE=en_US.UTF-8       LC_NUMERIC=C              
 [3] LC_TIME=de_DE.UTF-8        LC_COLLATE=en_US.UTF-8    
 [5] LC_MONETARY=de_DE.UTF-8    LC_MESSAGES=en_US.UTF-8   
 [7] LC_PAPER=de_DE.UTF-8       LC_NAME=C                 
 [9] LC_ADDRESS=C               LC_TELEPHONE=C            
[11] LC_MEASUREMENT=de_DE.UTF-8 LC_IDENTIFICATION=C       

time zone: Europe/Berlin
tzcode source: system (glibc)

attached base packages:
[1] stats     graphics  grDevices utils     datasets  methods   base     

other attached packages:
[1] Seurat_5.3.0       SeuratObject_5.2.0 sp_2.2-0          

loaded via a namespace (and not attached):
  [1] deldir_2.0-4           pbapply_1.7-4          gridExtra_2.3         
  [4] rlang_1.2.0            magrittr_2.0.5         RcppAnnoy_0.0.22      
  [7] otel_0.2.0             matrixStats_1.5.0      ggridges_0.5.7        
 [10] compiler_4.3.3         spatstat.geom_3.5-0    png_0.1-8             
 [13] vctrs_0.7.3            reshape2_1.4.4         stringr_1.6.0         
 [16] pkgconfig_2.0.3        fastmap_1.2.0          promises_1.5.0        
 [19] purrr_1.2.2            jsonlite_2.0.0         goftest_1.2-3         
 [22] later_1.4.4            spatstat.utils_3.1-5   irlba_2.3.5.1         
 [25] parallel_4.3.3         cluster_2.1.8.2        R6_2.6.1              
 [28] ica_1.0-3              stringi_1.8.7          RColorBrewer_1.1-3    
 [31] spatstat.data_3.1-9    reticulate_1.43.0      parallelly_1.47.0     
 [34] spatstat.univar_3.1-4  lmtest_0.9-40          scattermore_1.2       
 [37] Rcpp_1.1.1-1.1         tensor_1.5.1           future.apply_1.20.2   
 [40] zoo_1.8-14             sctransform_0.4.2      httpuv_1.6.16         
 [43] Matrix_1.6-5           splines_4.3.3          igraph_2.1.4          
 [46] tidyselect_1.2.1       abind_1.4-8            codetools_0.2-20      
 [49] spatstat.random_3.4-1  miniUI_0.1.2           spatstat.explore_3.5-2
 [52] listenv_0.10.1         lattice_0.22-7         tibble_3.3.1          
 [55] plyr_1.8.9             shiny_1.13.0           S7_0.2.2              
 [58] ROCR_1.0-12            Rtsne_0.17             future_1.70.0         
 [61] fastDummies_1.7.6      survival_3.8-3         polyclip_1.10-7       
 [64] fitdistrplus_1.2-6     pillar_1.11.1          KernSmooth_2.23-26    
 [67] plotly_4.12.0          generics_0.1.4         RcppHNSW_0.6.0        
 [70] ggplot2_4.0.3          scales_1.4.0           globals_0.19.1        
 [73] xtable_1.8-8           glue_1.8.1             lazyeval_0.2.2        
 [76] tools_4.3.3            data.table_1.17.8      RSpectra_0.16-2       
 [79] RANN_2.6.2             dotCall64_1.2          cowplot_1.2.0         
 [82] grid_4.3.3             tidyr_1.3.2            colorspace_2.1-2      
 [85] nlme_3.1-168           patchwork_1.3.2        cli_3.6.6             
 [88] spatstat.sparse_3.1-0  spam_2.11-1            viridisLite_0.4.3     
 [91] dplyr_1.2.1            uwot_0.2.3             gtable_0.3.6          
 [94] digest_0.6.39          progressr_0.19.0       ggrepel_0.9.6         
 [97] htmlwidgets_1.6.4      farver_2.1.2           htmltools_0.5.9       
[100] lifecycle_1.0.5        httr_1.4.8             mime_0.13             
[103] MASS_7.3-60.0.1       
Testing method-specific package loading:
R version 4.3.3 (2024-02-29)
Platform: x86_64-conda-linux-gnu (64-bit)
Running under: Ubuntu 22.04.1 LTS

Matrix products: default
BLAS/LAPACK: /nfs/home/students/i.kaciran/.conda/envs/liana_r/lib/libopenblasp-r0.3.33.so;  LAPACK version 3.12.0

locale:
 [1] LC_CTYPE=en_US.UTF-8       LC_NUMERIC=C              
 [3] LC_TIME=de_DE.UTF-8        LC_COLLATE=en_US.UTF-8    
 [5] LC_MONETARY=de_DE.UTF-8    LC_MESSAGES=en_US.UTF-8   
 [7] LC_PAPER=de_DE.UTF-8       LC_NAME=C                 
 [9] LC_ADDRESS=C               LC_TELEPHONE=C            
[11] LC_MEASUREMENT=de_DE.UTF-8 LC_IDENTIFICATION=C       

time zone: Europe/Berlin
tzcode source: system (glibc)

attached base packages:
[1] stats     graphics  grDevices utils     datasets  methods   base     

other attached packages:
[1] multinichenetr_2.1.0 nichenetr_2.2.1.1    Seurat_5.3.0        
[4] SeuratObject_5.2.0   sp_2.2-0            

loaded via a namespace (and not attached):
  [1] IRanges_2.36.0              progress_1.2.3             
  [3] nnet_7.3-20                 locfdr_1.1-8               
  [5] goftest_1.2-3               Biostrings_2.68.1          
  [7] vctrs_0.7.3                 spatstat.random_3.4-1      
  [9] digest_0.6.39               png_0.1-8                  
 [11] corpcor_1.6.10              shape_1.4.6.1              
 [13] proxy_0.4-27                ggrepel_0.9.6              
 [15] deldir_2.0-4                parallelly_1.47.0          
 [17] MASS_7.3-60.0.1             reshape2_1.4.4             
 [19] httpuv_1.6.16               foreach_1.5.2              
 [21] BiocGenerics_0.48.1         withr_3.0.3                
 [23] xfun_0.58                   ggpubr_0.6.3               
 [25] survival_3.8-3              memoise_2.0.1              
 [27] ggbeeswarm_0.7.3            emmeans_2.0.3              
 [29] zoo_1.8-14                  GlobalOptions_0.1.4        
 [31] gtools_3.9.5                pbapply_1.7-4              
 [33] Formula_1.2-5               prettyunits_1.2.0          
 [35] KEGGREST_1.40.1             promises_1.5.0             
 [37] otel_0.2.0                  httr_1.4.8                 
 [39] rstatix_0.7.3               globals_0.19.1             
 [41] fitdistrplus_1.2-6          rstudioapi_0.19.0          
 [43] miniUI_0.1.2                generics_0.1.4             
 [45] base64enc_0.1-6             S4Vectors_0.40.2           
 [47] zlibbioc_1.48.0             ScaledMatrix_1.10.0        
 [49] ggraph_2.2.2                polyclip_1.10-7            
 [51] randomForest_4.7-1.2        GenomeInfoDbData_1.2.11    
 [53] SparseArray_1.2.2           xtable_1.8-8               
 [55] stringr_1.6.0               doParallel_1.0.17          
 [57] evaluate_1.0.5              S4Arrays_1.2.0             
 [59] hms_1.1.4                   GenomicRanges_1.54.1       
 [61] irlba_2.3.5.1               colorspace_2.1-2           
 [63] visNetwork_2.1.4            ROCR_1.0-12                
 [65] reticulate_1.43.0           spatstat.data_3.1-9        
 [67] magrittr_2.0.5              lmtest_0.9-40              
 [69] readr_2.1.4                 later_1.4.4                
 [71] viridis_0.6.5               lattice_0.22-7             
 [73] genefilter_1.82.1           spatstat.geom_3.5-0        
 [75] future.apply_1.20.2         XML_3.99-0.17              
 [77] scattermore_1.2             scuttle_1.12.0             
 [79] shadowtext_0.1.2            cowplot_1.2.0              
 [81] matrixStats_1.5.0           RcppAnnoy_0.0.22           
 [83] class_7.3-23                Hmisc_5.2-3                
 [85] pillar_1.11.1               nlme_3.1-168               
 [87] iterators_1.0.14            caTools_1.18.3             
 [89] compiler_4.3.3              beachmat_2.18.0            
 [91] RSpectra_0.16-2             stringi_1.8.7              
 [93] gower_1.0.1                 tensor_1.5.1               
 [95] minqa_1.2.8                 SummarizedExperiment_1.32.0
 [97] lubridate_1.9.3             plyr_1.8.9                 
 [99] crayon_1.5.3                abind_1.4-8                
[101] scater_1.30.1               blme_1.0-6                 
[103] locfit_1.5-9.12             bit_4.6.0                  
[105] graphlayouts_1.2.4          UpSetR_1.4.1               
[107] dplyr_1.2.1                 codetools_0.2-20           
[109] recipes_1.3.1               BiocSingular_1.18.0        
[111] e1071_1.7-16                GetoptLong_1.1.1           
[113] plotly_4.12.0               remaCor_0.0.20             
[115] mime_0.13                   splines_4.3.3              
[117] circlize_0.4.18             Rcpp_1.1.1-1.1             
[119] fastDummies_1.7.6           sparseMatrixStats_1.14.0   
[121] blob_1.3.0                  knitr_1.51                 
[123] clue_0.3-66                 lme4_1.1-35.5              
[125] listenv_0.10.1              checkmate_2.3.3            
[127] DelayedMatrixStats_1.24.0   Rdpack_2.6.4               
[129] ggsignif_0.6.4              estimability_1.5.1         
[131] tibble_3.3.1                Matrix_1.6-5               
[133] statmod_1.5.0               tzdb_0.5.0                 
[135] fANCOVA_0.6-1               tweenr_2.0.3               
[137] pkgconfig_2.0.3             tools_4.3.3                
[139] cachem_1.1.0                RSQLite_2.4.3              
[141] RhpcBLASctl_0.23-42         rbibutils_2.3              
[143] DBI_1.3.0                   viridisLite_0.4.3          
[145] numDeriv_2016.8-1.1         fastmap_1.2.0              
[147] rmarkdown_2.31              scales_1.4.0               
[149] grid_4.3.3                  ica_1.0-3                  
[151] broom_1.0.13                patchwork_1.3.2            
[153] coda_0.19-4.1               dotCall64_1.2              
[155] carData_3.0-6               RANN_2.6.2                 
[157] rpart_4.1.24                farver_2.1.2               
[159] aod_1.3.3                   tidygraph_1.3.1            
[161] mgcv_1.9-3                  MatrixGenerics_1.14.0      
[163] DiagrammeR_1.0.12           foreign_0.8-90             
[165] cli_3.6.6                   purrr_1.2.2                
[167] stats4_4.3.3                lifecycle_1.0.5            
[169] caret_6.0-94                uwot_0.2.3                 
[171] glmmTMB_1.1.9               Biobase_2.62.0             
[173] mvtnorm_1.3-3               bluster_1.12.0             
[175] lava_1.8.1                  backports_1.5.1            
[177] annotate_1.78.0             BiocParallel_1.36.0        
[179] timechange_0.3.0            gtable_0.3.6               
[181] rjson_0.2.23                ggridges_0.5.7             
[183] progressr_0.19.0            parallel_4.3.3             
[185] pROC_1.19.0.1               limma_3.58.1               
[187] jsonlite_2.0.0              edgeR_4.0.16               
[189] RcppHNSW_0.6.0              bitops_1.0-9               
[191] ggplot2_4.0.3               bit64_4.8.2                
[193] Rtsne_0.17                  spatstat.utils_3.1-5       
[195] BiocNeighbors_1.20.0        muscat_1.16.0              
[197] metapod_1.10.0              dqrng_0.3.2                
[199] spatstat.univar_3.1-4       pbkrtest_0.5.5             
[201] timeDate_4041.110           lazyeval_0.2.2             
[203] shiny_1.13.0                htmltools_0.5.9            
[205] sctransform_0.4.2           glue_1.8.1                 
[207] spam_2.11-1                 XVector_0.42.0             
[209] RCurl_1.98-1.17             scran_1.30.0               
[211] gridExtra_2.3               EnvStats_3.1.0             
[213] boot_1.3-32                 igraph_2.1.4               
[215] variancePartition_1.32.2    TMB_1.9.17                 
[217] R6_2.6.1                    sva_3.48.0                 
[219] tidyr_1.3.2                 DESeq2_1.42.0              
[221] SingleCellExperiment_1.24.0 gplots_3.3.0               
[223] fdrtool_1.2.18              cluster_2.1.8.2            
[225] GenomeInfoDb_1.38.1         ipred_0.9-15               
[227] nloptr_2.1.1                DelayedArray_0.28.0        
[229] tidyselect_1.2.1            vipor_0.4.7                
[231] htmlTable_2.4.3             ggforce_0.5.0              
[233] car_3.1-5                   AnnotationDbi_1.62.2       
[235] future_1.70.0               ModelMetrics_1.2.2.2       
[237] rsvd_1.0.5                  KernSmooth_2.23-26         
[239] S7_0.2.2                    data.table_1.17.8          
[241] htmlwidgets_1.6.4           ComplexHeatmap_2.18.0      
[243] RColorBrewer_1.1-3          rlang_1.2.0                
[245] spatstat.sparse_3.1-0       spatstat.explore_3.5-2     
[247] lmerTest_3.1-3              ggnewscale_0.5.2           
[249] hardhat_1.4.2               beeswarm_0.4.0             
[251] prodlim_2025.04.28         
Starting R analysis command:
/nfs/home/students/i.kaciran/.conda/envs/liana_r/bin/Rscript /nfs/home/students/i.kaciran/FoPra_PLAs/src/cell_signaling/dccs/multinichetr.R /nfs/home/students/i.kaciran/FoPra_PLAs/results/differential_ccs/prepared_inputs/gated_heart_processed_withHealthy.rds /nfs/home/students/i.kaciran/FoPra_PLAs/results/differential_ccs/multinichetr
============================================================
[1] "RNA"
============================================================
R analysis exit code: 1
Finished at: Sa 4. Jul 12:11:42 CEST 2026
============================================================
ERROR: R analysis failed for multinichetr on gated_heart_processed_withHealthy
