============================================================
DCCS ARRAY TASK
============================================================
Date: So 19. Jul 00:09:27 CEST 2026
Host: elmo.exbio.wzw.tum.de
Working directory: /nfs/home/students/i.kaciran/FoPra_PLAs
SLURM job ID: 6333523
SLURM array task ID: 8
Dataset index: 1
Mode index: 1
Method index: 0
Dataset: gated_ImmuneAging
Mode: diseasedOnly
Method: multinichetr
Prepared RDS: /nfs/home/students/i.kaciran/FoPra_PLAs/results/differential_ccs/prepared_inputs/gated_ImmuneAging_diseasedOnly.rds
Script: /nfs/home/students/i.kaciran/FoPra_PLAs/src/cell_signaling/dccs/multinichetr.R
Output dir: /nfs/home/students/i.kaciran/FoPra_PLAs/results/differential_ccs/multinichetr
Log dir: /nfs/home/students/i.kaciran/FoPra_PLAs/slurm_logs
============================================================
ERROR: Missing prepared RDS: /nfs/home/students/i.kaciran/FoPra_PLAs/results/differential_ccs/prepared_inputs/gated_ImmuneAging_diseasedOnly.rds
Run prepare_cohort_inputs_slurm.sh first.
