SLURM job ID: 6260183
SLURM array task ID: 1
Dataset: gated_heart_processed
Dataset type: heart
Mode: noHealthy
Input RDS: /nfs/home/students/i.kaciran/FoPra_PLAs/data/datasets/gated_heart_processed.rds
Output RDS: /nfs/home/students/i.kaciran/FoPra_PLAs/results/differential_ccs/prepared_inputs/gated_heart_processed_noHealthy.rds

diseased  healthy 
    9813     1928 
            used   (Mb) gc trigger   (Mb)  max used   (Mb)
Ncells   3593126  191.9    6519174  348.2   5032828  268.8
Vcells 138992711 1060.5  310864458 2371.8 304347590 2322.0
            used   (Mb) gc trigger   (Mb)  max used   (Mb)
Ncells   3593210  191.9    6519174  348.2   5032828  268.8
Vcells 138993116 1060.5  310864458 2371.8 304347590 2322.0
            used   (Mb) gc trigger   (Mb)  max used   (Mb)
Ncells   3593438  192.0    6519174  348.2   5032828  268.8
Vcells 138993656 1060.5  310864458 2371.8 304347590 2322.0

diseased 
    9813 
Finished preparing: /nfs/home/students/i.kaciran/FoPra_PLAs/results/differential_ccs/prepared_inputs/gated_heart_processed_noHealthy.rds
