SLURM job ID: 6407148
SLURM array task ID: 15
Dataset index: 5
Mode index: 0
Dataset: gated_skin_processed
Dataset type: skin
Mode: healthyOnly
Input RDS: /nfs/home/students/i.kaciran/FoPra_PLAs/data/datasets/gated_skin_processed.rds
Output RDS: /nfs/home/students/i.kaciran/FoPra_PLAs/results/differential_ccs/prepared_inputs/gated_skin_processed_healthyOnly.rds
         cohort
Status    diseased healthy
  AXI        14297       0
  Healthy        0   46412
  PSA        26188       0
  PSO        42035       0
  PSX        10527       0

diseased  healthy 
   93047    46412 

healthy 
  46412 
Finished preparing: /nfs/home/students/i.kaciran/FoPra_PLAs/results/differential_ccs/prepared_inputs/gated_skin_processed_healthyOnly.rds
