SLURM job ID: 6260187
SLURM array task ID: 5
Dataset: gated_sepsis_processed
Dataset type: sepsis
Mode: noHealthy
Input RDS: /nfs/home/students/i.kaciran/FoPra_PLAs/data/datasets/gated_sepsis_processed.rds
Output RDS: /nfs/home/students/i.kaciran/FoPra_PLAs/results/differential_ccs/prepared_inputs/gated_sepsis_processed_noHealthy.rds

diseased  healthy 
  261702    23341 
             used    (Mb) gc trigger    (Mb)   max used    (Mb)
Ncells    3870600   206.8    6519234   348.2    5032828   268.8
Vcells 2918631932 22267.4 6134884463 46805.5 6134796287 46804.8
             used    (Mb) gc trigger    (Mb)   max used    (Mb)
Ncells    3870684   206.8    6519234   348.2    5032828   268.8
Vcells 2918632337 22267.4 6134884463 46805.5 6134796287 46804.8
             used    (Mb) gc trigger    (Mb)   max used    (Mb)
Ncells    3870912   206.8    6519234   348.2    5032828   268.8
Vcells 2918632877 22267.5 6134884463 46805.5 6134796287 46804.8

diseased 
  261702 
Finished preparing: /nfs/home/students/i.kaciran/FoPra_PLAs/results/differential_ccs/prepared_inputs/gated_sepsis_processed_noHealthy.rds
