SLURM job ID: 6260189
SLURM array task ID: 7
Dataset: gated_vaccine_processed
Dataset type: vaccine
Mode: noHealthy
Input RDS: /nfs/home/students/i.kaciran/FoPra_PLAs/data/datasets/gated_vaccine_processed.rds
Output RDS: /nfs/home/students/i.kaciran/FoPra_PLAs/results/differential_ccs/prepared_inputs/gated_vaccine_processed_noHealthy.rds

diseased  healthy 
   94960    43408 
             used   (Mb) gc trigger    (Mb)   max used    (Mb)
Ncells    3711408  198.3    6519311   348.2    5032898   268.8
Vcells 1228847140 9375.4 3182527474 24280.8 3094623127 23610.2
             used   (Mb) gc trigger    (Mb)   max used    (Mb)
Ncells    3711492  198.3    6519311   348.2    5032898   268.8
Vcells 1228847545 9375.4 3182527474 24280.8 3094623127 23610.2
             used   (Mb) gc trigger    (Mb)   max used    (Mb)
Ncells    3711720  198.3    6519311   348.2    5032898   268.8
Vcells 1228848085 9375.4 3182527474 24280.8 3094623127 23610.2

diseased 
   94960 
Finished preparing: /nfs/home/students/i.kaciran/FoPra_PLAs/results/differential_ccs/prepared_inputs/gated_vaccine_processed_noHealthy.rds
