SLURM job ID: 6260180
SLURM array task ID: 9
Dataset: gated_our_dataset_processed
Dataset type: our_data
Mode: noHealthy
Input RDS: /nfs/home/students/i.kaciran/FoPra_PLAs/data/datasets/gated_our_dataset_processed.rds
Output RDS: /nfs/home/students/i.kaciran/FoPra_PLAs/results/differential_ccs/prepared_inputs/gated_our_dataset_processed_noHealthy.rds

diseased  healthy 
   27904    18658 
            used   (Mb) gc trigger   (Mb)  max used   (Mb)
Ncells   3619293  193.3    6519247  348.2   5032802  268.8
Vcells 260551296 1987.9  686374756 5236.7 686356552 5236.5
            used   (Mb) gc trigger   (Mb)  max used   (Mb)
Ncells   3619377  193.3    6519247  348.2   5032802  268.8
Vcells 260551701 1987.9  686374756 5236.7 686356552 5236.5
            used   (Mb) gc trigger   (Mb)  max used   (Mb)
Ncells   3619605  193.4    6519247  348.2   5032802  268.8
Vcells 260552241 1987.9  686374756 5236.7 686356552 5236.5

diseased 
   27904 
Finished preparing: /nfs/home/students/i.kaciran/FoPra_PLAs/results/differential_ccs/prepared_inputs/gated_our_dataset_processed_noHealthy.rds
